../Core/Src/main.c:86:5:__io_putchar	16	static
../Core/Src/main.c:99:7:convert	16	static
../Core/Src/main.c:103:6:sample_gpio_dma	8	static
../Core/Src/main.c:119:6:voltage_gain	16	static
../Core/Src/main.c:148:6:window_scale	16	static
../Core/Src/main.c:152:6:voltage_offset	16	static
../Core/Src/main.c:156:6:handle_spi_received_data	32	static
../Core/Src/main.c:183:6:setup_tx_buffer	16	static
../Core/Src/main.c:189:6:spi_gpio_transfer	16	static
../Core/Src/main.c:219:6:uart_transmit_buffer	16	static
../Core/Src/main.c:225:6:HAL_SPI_TxRxCpltCallback	16	static
../Core/Src/main.c:235:6:dma_transfer_complete_callback	16	static
../Core/Src/main.c:241:6:register_dma_callbacks	8	static
../Core/Src/main.c:252:5:main	16	static
../Core/Src/main.c:331:6:SystemClock_Config	88	static
../Core/Src/main.c:379:13:MX_I2C1_Init	8	static
../Core/Src/main.c:413:13:MX_SPI1_Init	8	static
../Core/Src/main.c:451:13:MX_USART2_UART_Init	8	static
../Core/Src/main.c:484:13:MX_DMA_Init	16	static
../Core/Src/main.c:527:13:MX_GPIO_Init	48	static
../Core/Src/main.c:589:6:Error_Handler	4	static,ignoring_inline_asm
../Core/Src/main.c:607:6:assert_failed	16	static
