../Core/Src/main.c:86:5:__io_putchar	16	static
../Core/Src/main.c:99:7:convert	16	static
../Core/Src/main.c:103:6:sample_gpio_dma	8	static
../Core/Src/main.c:119:6:voltage_gain	16	static
../Core/Src/main.c:123:6:window_scale	16	static
../Core/Src/main.c:127:6:voltage_offset	16	static
../Core/Src/main.c:131:6:handle_spi_received_data	32	static
../Core/Src/main.c:157:6:setup_tx_buffer	16	static
../Core/Src/main.c:163:6:spi_gpio_transfer	16	static
../Core/Src/main.c:193:6:uart_transmit_buffer	16	static
../Core/Src/main.c:199:6:HAL_SPI_TxRxCpltCallback	16	static
../Core/Src/main.c:209:6:dma_transfer_complete_callback	16	static
../Core/Src/main.c:215:6:register_dma_callbacks	8	static
../Core/Src/main.c:226:5:main	16	static
../Core/Src/main.c:304:6:SystemClock_Config	88	static
../Core/Src/main.c:352:13:MX_I2C1_Init	8	static
../Core/Src/main.c:386:13:MX_SPI1_Init	8	static
../Core/Src/main.c:424:13:MX_USART2_UART_Init	8	static
../Core/Src/main.c:457:13:MX_DMA_Init	16	static
../Core/Src/main.c:500:13:MX_GPIO_Init	48	static
../Core/Src/main.c:552:6:Error_Handler	4	static,ignoring_inline_asm
../Core/Src/main.c:570:6:assert_failed	16	static
